Info: Start Nativelink Simulation process

========= EDA Simulation Settings =====================

Sim Mode              :  Gate
Family                :  cycloneive
Quartus root          :  d:/qurtusprime/quartus/bin64/
Quartus sim root      :  d:/qurtusprime/quartus/eda/sim_lib
Simulation Tool       :  modelsim-altera
Simulation Language   :  vhdl
Version               :  93
Simulation Mode       :  GUI
Sim Output File       :  Generator.vho
Sim SDF file          :  Generator__vhdl.sdo
Sim dir               :  simulation\modelsim

=======================================================

Info: Starting NativeLink simulation with ModelSim-Altera software
Sourced NativeLink script d:/qurtusprime/quartus/common/tcl/internal/nativelink/modelsim.tcl
Warning: File Generator_run_msim_gate_vhdl.do already exists - backing up current file as Generator_run_msim_gate_vhdl.do.bak11
Probing transcript
ModelSim-Altera Info: # Reading D:/ModelSim18.1/modelsim_ase/tcl/vsim/pref.tcl
Info: NativeLink simulation flow was successful
